// Jest Snapshot v1, https://goo.gl/fbAQLP

exports[`<AnswerView/> displays moment time format 1`] = `ShallowWrapper {}`;
